<html>
<body>
<pre>
<h1>µVision Build Log</h1>
<h2>Project:</h2>
C:\STM32\STM32F103-Tutorial\15.LCD_GPHONE\MDK-ARM\LCD GRAPHIC GPHONE.uvproj
Project File Date:  01/07/2017

<h2>Output:</h2>
Build target 'LCD GRAPHIC GPHONE'
compiling main.c...
../Src/main.c(185): warning:  #188-D: enumerated type mixed with another type
    HAL_GPIO_WritePin(GPIOA, CS_Pin|SCK_Pin|SDA_Pin|AO_Pin, GPIO_PIN_RESET);
../Src/main.c: 1 warning, 0 errors
linking...
Program Size: Code=4204 RO-data=928 RW-data=8 ZI-data=1024  
"LCD GRAPHIC GPHONE\LCD GRAPHIC GPHONE.axf" - 0 Error(s), 1 Warning(s).
Load "LCD GRAPHIC GPHONE\\LCD GRAPHIC GPHONE.axf" 
Erase Done.
Programming Done.
Verify OK.
Application running ...
</pre>
</body>
</html>

../Src/main.c(185): warning:  #188-D: enumerated type mixed with another type
    HAL_GPIO_WritePin(GPIOA, CS_Pin|SCK_Pin|SDA_Pin|AO_Pin, GPIO_PIN_RESET);
../Src/main.c: 1 warning, 0 errors
compiling stm32f1xx_hal_msp.c...
compiling gphone.c...
GPHONE\gphone.c(106): warning:  #188-D: enumerated type mixed with another type
         HAL_GPIO_WritePin(CS_Port,CS_Pin,0);
GPHONE\gphone.c(107): warning:  #188-D: enumerated type mixed with another type
     if(cd)      HAL_GPIO_WritePin(AO_Port,AO_Pin,1);
GPHONE\gphone.c(108): warning:  #188-D: enumerated type mixed with another type
     else HAL_GPIO_WritePin(AO_Port,AO_Pin,0); 
GPHONE\gphone.c(111): warning:  #188-D: enumerated type mixed with another type
        if(!(byte&0x80)) HAL_GPIO_WritePin(SDA_Port,SDA_Pin,0); 
GPHONE\gphone.c(112): warning:  #188-D: enumerated type mixed with another type
        else HAL_GPIO_WritePin(SDA_Port,SDA_Pin,1);
GPHONE\gphone.c(113): warning:  #188-D: enumerated type mixed with another type
                        HAL_GPIO_WritePin(SCK_Port,SCK_Pin,0);
GPHONE\gphone.c(114): warning:  #188-D: enumerated type mixed with another type
                        HAL_GPIO_WritePin(SCK_Port,SCK_Pin,1);
GPHONE\gphone.c(118): warning:  #188-D: enumerated type mixed with another type
         HAL_GPIO_WritePin(CS_Port,CS_Pin,1);
GPHONE\gphone.c: 8 warnings, 0 errors
linking...
Program Size: Code=4200 RO-data=928 RW-data=8 ZI-data=1024  
"LCD GRAPHIC GPHONE\LCD GRAPHIC GPHONE.axf" - 0 Error(s), 9 Warning(s).
Load "LCD GRAPHIC GPHONE\\LCD GRAPHIC GPHONE.axf" 
Erase Done.
Programming Done.
Verify OK.
Application running ...
Load "LCD GRAPHIC GPHONE\\LCD GRAPHIC GPHONE.axf" 
Erase Done.
Programming Done.
Verify OK.
Application running ...
Load "LCD GRAPHIC GPHONE\\LCD GRAPHIC GPHONE.axf" 
Erase Done.
Programming Done.
Verify OK.
Application running ...
