<html>
<body>
<pre>
<h1>µVision Build Log</h1>
<h2>Project:</h2>
G:\Electronic\MCU\STM32\STM32F103RCT6\LCD GRAPHIC GPHONE\MDK-ARM\LCD GRAPHIC GPHONE.uvproj
Project File Date:  06/04/2016

<h2>Output:</h2>
Rebuild target 'LCD GRAPHIC GPHONE'
compiling system_stm32f1xx.c...
compiling stm32f1xx_hal_cortex.c...
compiling stm32f1xx_hal_flash_ex.c...
compiling stm32f1xx_hal_rcc_ex.c...
compiling stm32f1xx_hal_rcc.c...
compiling stm32f1xx_hal_tim.c...
compiling stm32f1xx_hal_flash.c...
compiling stm32f1xx_hal_pwr.c...
compiling stm32f1xx_hal_dma.c...
compiling stm32f1xx_hal_tim_ex.c...
compiling stm32f1xx_hal_gpio.c...
compiling stm32f1xx_hal.c...
assembling startup_stm32f103xe.s...
compiling stm32f1xx_it.c...
compiling main.c...
../Src/main.c(79): warning:  #223-D: function "lcd_init" declared implicitly
../Src/main.c(89): warning:  #223-D: function "lcd_gotoxy" declared implicitly
../Src/main.c(90): warning:  #223-D: function "lcd_puts" declared implicitly
../Src/main.c(92): warning:  #223-D: function "lcd_clear" declared implicitly
compiling stm32f1xx_hal_msp.c...
compiling GPHONE.c...
GPHONE\GPHONE.c(106): warning:  #188-D: enumerated type mixed with another type
GPHONE\GPHONE.c(107): warning:  #188-D: enumerated type mixed with another type
GPHONE\GPHONE.c(108): warning:  #188-D: enumerated type mixed with another type
GPHONE\GPHONE.c(111): warning:  #188-D: enumerated type mixed with another type
GPHONE\GPHONE.c(112): warning:  #188-D: enumerated type mixed with another type
GPHONE\GPHONE.c(113): warning:  #188-D: enumerated type mixed with another type
GPHONE\GPHONE.c(114): warning:  #188-D: enumerated type mixed with another type
GPHONE\GPHONE.c(118): warning:  #188-D: enumerated type mixed with another type
linking...
Program Size: Code=4156 RO-data=928 RW-data=8 ZI-data=1024  
"LCD GRAPHIC GPHONE\LCD GRAPHIC GPHONE.axf" - 0 Errors, 12 Warning(s).
Load "LCD GRAPHIC GPHONE\\LCD GRAPHIC GPHONE.axf" 
Erase Done.
Programming Done.
Verify OK.
Application running ...
Rebuild target 'LCD GRAPHIC GPHONE'
compiling system_stm32f1xx.c...
compiling stm32f1xx_hal_cortex.c...
compiling stm32f1xx_hal_flash_ex.c...
compiling stm32f1xx_hal_rcc_ex.c...
compiling stm32f1xx_hal_rcc.c...
compiling stm32f1xx_hal_tim.c...
compiling stm32f1xx_hal_flash.c...
compiling stm32f1xx_hal_pwr.c...
compiling stm32f1xx_hal_dma.c...
compiling stm32f1xx_hal_tim_ex.c...
compiling stm32f1xx_hal_gpio.c...
compiling stm32f1xx_hal.c...
assembling startup_stm32f103xe.s...
compiling stm32f1xx_it.c...
compiling main.c...
../Src/main.c(79): warning:  #223-D: function "lcd_init" declared implicitly
../Src/main.c(89): warning:  #223-D: function "lcd_gotoxy" declared implicitly
../Src/main.c(90): warning:  #223-D: function "lcd_puts" declared implicitly
../Src/main.c(92): warning:  #223-D: function "lcd_clear" declared implicitly
compiling stm32f1xx_hal_msp.c...
compiling GPHONE.c...
GPHONE\GPHONE.c(106): warning:  #188-D: enumerated type mixed with another type
GPHONE\GPHONE.c(107): warning:  #188-D: enumerated type mixed with another type
GPHONE\GPHONE.c(108): warning:  #188-D: enumerated type mixed with another type
GPHONE\GPHONE.c(111): warning:  #188-D: enumerated type mixed with another type
GPHONE\GPHONE.c(112): warning:  #188-D: enumerated type mixed with another type
GPHONE\GPHONE.c(113): warning:  #188-D: enumerated type mixed with another type
GPHONE\GPHONE.c(114): warning:  #188-D: enumerated type mixed with another type
GPHONE\GPHONE.c(118): warning:  #188-D: enumerated type mixed with another type
linking...
Program Size: Code=4172 RO-data=928 RW-data=8 ZI-data=1024  
"LCD GRAPHIC GPHONE\LCD GRAPHIC GPHONE.axf" - 0 Errors, 12 Warning(s).
Load "LCD GRAPHIC GPHONE\\LCD GRAPHIC GPHONE.axf" 
Erase Done.
Programming Done.
Verify OK.
Application running ...
