<html>
<body>
<pre>
<h1>µVision Build Log</h1>
<h2>Project:</h2>
C:\STM32\Uart3\MDK-ARM\Uart3.uvproj
Project File Date:  05/04/2016

<h2>Output:</h2>
Rebuild target 'Uart3'
assembling startup_stm32f103xb.s...
compiling stm32f1xx_it.c...
compiling stm32f1xx_hal_msp.c...
compiling main.c...
../Src/main.c(95): warning:  #167-D: argument of type "char *" is incompatible with parameter of type "uint8_t *"
                HAL_UART_Receive_IT(&huart3, Rx_data, 1);       //Kich hoat UART nhan du lieu ngat moi luc
../Src/main.c(125): warning:  #167-D: argument of type "char *" is incompatible with parameter of type "uint8_t *"
        HAL_UART_Receive_IT(&huart3, Rx_data, 1); //Kich hoat ngat uart khi nhan duoc 1 byte
../Src/main.c(147): warning:  #223-D: function "strlen" declared implicitly
                len = strlen(buffer);
../Src/main.c(148): warning:  #167-D: argument of type "char *" is incompatible with parameter of type "uint8_t *"
                HAL_UART_Transmit(&huart3, buffer,len, 1000);
../Src/main.c: 4 warnings, 0 errors
compiling system_stm32f1xx.c...
compiling stm32f1xx_hal_gpio.c...
compiling stm32f1xx_hal.c...
compiling stm32f1xx_hal_uart.c...
compiling stm32f1xx_hal_dma.c...
compiling stm32f1xx_hal_rcc_ex.c...
compiling stm32f1xx_hal_pwr.c...
compiling stm32f1xx_hal_tim.c...
compiling stm32f1xx_hal_flash.c...
compiling stm32f1xx_hal_flash_ex.c...
compiling stm32f1xx_hal_rcc.c...
compiling stm32f1xx_hal_cortex.c...
compiling stm32f1xx_hal_tim_ex.c...
linking...
Program Size: Code=5668 RO-data=284 RW-data=16 ZI-data=1288  
"Uart3\Uart3.axf" - 0 Error(s), 4 Warning(s).
Load "Uart3\\Uart3.axf" 
Erase Done.
Programming Done.
Verify OK.
Application running ...
</pre>
</body>
</html>
