<html>
<body>
<pre>
<h1>µVision Build Log</h1>
<h2>Project:</h2>
G:\Electronic\MCU\STM32\STM32F103RCT6\LCD1602\MDK-ARM\LCD1602.uvproj
Project File Date:  05/13/2016

<h2>Output:</h2>
Rebuild target 'LCD1602'
compiling stm32f1xx_hal.c...
compiling stm32f1xx_hal_rcc_ex.c...
compiling stm32f1xx_hal_dma.c...
compiling stm32f1xx_hal_cortex.c...
compiling stm32f1xx_hal_gpio.c...
compiling stm32f1xx_hal_tim.c...
compiling stm32f1xx_hal_flash_ex.c...
compiling stm32f1xx_hal_flash.c...
compiling stm32f1xx_hal_pwr.c...
compiling stm32f1xx_hal_rcc.c...
compiling stm32f1xx_hal_tim_ex.c...
compiling stm32f1xx_it.c...
compiling stm32f1xx_hal_msp.c...
compiling main.c...
../Src/main.c(76): warning:  #188-D: enumerated type mixed with another type
../Src/main.c(78): warning:  #188-D: enumerated type mixed with another type
../Src/main.c(84): warning:  #188-D: enumerated type mixed with another type
../Src/main.c(85): warning:  #188-D: enumerated type mixed with another type
../Src/main.c(86): warning:  #188-D: enumerated type mixed with another type
../Src/main.c(87): warning:  #188-D: enumerated type mixed with another type
../Src/main.c(108): warning:  #188-D: enumerated type mixed with another type
../Src/main.c(135): warning:  #188-D: enumerated type mixed with another type
../Src/main.c(137): warning:  #188-D: enumerated type mixed with another type
../Src/main.c(235): warning:  #188-D: enumerated type mixed with another type
assembling startup_stm32f103xe.s...
compiling system_stm32f1xx.c...
linking...
Program Size: Code=4144 RO-data=352 RW-data=8 ZI-data=1024  
FromELF: creating hex file...
"LCD1602\LCD1602.axf" - 0 Errors, 10 Warning(s).
Load "LCD1602\\LCD1602.axf" 
Erase Done.
Programming Done.
Verify OK.
Application running ...
Rebuild target 'LCD1602'
compiling stm32f1xx_hal.c...
compiling stm32f1xx_hal_rcc_ex.c...
compiling stm32f1xx_hal_dma.c...
compiling stm32f1xx_hal_cortex.c...
compiling stm32f1xx_hal_gpio.c...
compiling stm32f1xx_hal_tim.c...
compiling stm32f1xx_hal_flash_ex.c...
compiling stm32f1xx_hal_flash.c...
compiling stm32f1xx_hal_pwr.c...
compiling stm32f1xx_hal_rcc.c...
compiling stm32f1xx_hal_tim_ex.c...
compiling stm32f1xx_it.c...
compiling stm32f1xx_hal_msp.c...
compiling main.c...
../Src/main.c(76): warning:  #188-D: enumerated type mixed with another type
../Src/main.c(78): warning:  #188-D: enumerated type mixed with another type
../Src/main.c(84): warning:  #188-D: enumerated type mixed with another type
../Src/main.c(85): warning:  #188-D: enumerated type mixed with another type
../Src/main.c(86): warning:  #188-D: enumerated type mixed with another type
../Src/main.c(87): warning:  #188-D: enumerated type mixed with another type
../Src/main.c(108): warning:  #188-D: enumerated type mixed with another type
../Src/main.c(135): warning:  #188-D: enumerated type mixed with another type
../Src/main.c(137): warning:  #188-D: enumerated type mixed with another type
../Src/main.c(235): warning:  #188-D: enumerated type mixed with another type
assembling startup_stm32f103xe.s...
compiling system_stm32f1xx.c...
linking...
Program Size: Code=4156 RO-data=352 RW-data=8 ZI-data=1024  
FromELF: creating hex file...
"LCD1602\LCD1602.axf" - 0 Errors, 10 Warning(s).
Load "LCD1602\\LCD1602.axf" 
Erase Done.
Programming Done.
Verify OK.
Application running ...
Rebuild target 'LCD1602'
compiling stm32f1xx_hal.c...
compiling stm32f1xx_hal_rcc_ex.c...
compiling stm32f1xx_hal_dma.c...
compiling stm32f1xx_hal_cortex.c...
compiling stm32f1xx_hal_gpio.c...
compiling stm32f1xx_hal_tim.c...
compiling stm32f1xx_hal_flash_ex.c...
compiling stm32f1xx_hal_flash.c...
compiling stm32f1xx_hal_pwr.c...
compiling stm32f1xx_hal_rcc.c...
compiling stm32f1xx_hal_tim_ex.c...
compiling stm32f1xx_it.c...
compiling stm32f1xx_hal_msp.c...
compiling main.c...
../Src/main.c(76): warning:  #188-D: enumerated type mixed with another type
../Src/main.c(78): warning:  #188-D: enumerated type mixed with another type
../Src/main.c(84): warning:  #188-D: enumerated type mixed with another type
../Src/main.c(85): warning:  #188-D: enumerated type mixed with another type
../Src/main.c(86): warning:  #188-D: enumerated type mixed with another type
../Src/main.c(87): warning:  #188-D: enumerated type mixed with another type
../Src/main.c(108): warning:  #188-D: enumerated type mixed with another type
../Src/main.c(135): warning:  #188-D: enumerated type mixed with another type
../Src/main.c(137): warning:  #188-D: enumerated type mixed with another type
../Src/main.c(235): warning:  #188-D: enumerated type mixed with another type
assembling startup_stm32f103xe.s...
compiling system_stm32f1xx.c...
linking...
Program Size: Code=4160 RO-data=352 RW-data=8 ZI-data=1024  
FromELF: creating hex file...
"LCD1602\LCD1602.axf" - 0 Errors, 10 Warning(s).
Load "LCD1602\\LCD1602.axf" 
Erase Done.
Programming Done.
Verify OK.
Application running ...
Rebuild target 'LCD1602'
compiling stm32f1xx_hal.c...
compiling stm32f1xx_hal_rcc_ex.c...
compiling stm32f1xx_hal_dma.c...
compiling stm32f1xx_hal_cortex.c...
compiling stm32f1xx_hal_gpio.c...
compiling stm32f1xx_hal_tim.c...
compiling stm32f1xx_hal_flash_ex.c...
compiling stm32f1xx_hal_flash.c...
compiling stm32f1xx_hal_pwr.c...
compiling stm32f1xx_hal_rcc.c...
compiling stm32f1xx_hal_tim_ex.c...
compiling stm32f1xx_it.c...
compiling stm32f1xx_hal_msp.c...
compiling main.c...
../Src/main.c(76): warning:  #188-D: enumerated type mixed with another type
../Src/main.c(78): warning:  #188-D: enumerated type mixed with another type
../Src/main.c(84): warning:  #188-D: enumerated type mixed with another type
../Src/main.c(85): warning:  #188-D: enumerated type mixed with another type
../Src/main.c(86): warning:  #188-D: enumerated type mixed with another type
../Src/main.c(87): warning:  #188-D: enumerated type mixed with another type
../Src/main.c(108): warning:  #188-D: enumerated type mixed with another type
../Src/main.c(135): warning:  #188-D: enumerated type mixed with another type
../Src/main.c(137): warning:  #188-D: enumerated type mixed with another type
../Src/main.c(235): warning:  #188-D: enumerated type mixed with another type
assembling startup_stm32f103xe.s...
compiling system_stm32f1xx.c...
linking...
Program Size: Code=4160 RO-data=352 RW-data=8 ZI-data=1024  
FromELF: creating hex file...
"LCD1602\LCD1602.axf" - 0 Errors, 10 Warning(s).
Rebuild target 'LCD1602'
compiling stm32f1xx_hal.c...
compiling stm32f1xx_hal_rcc_ex.c...
compiling stm32f1xx_hal_dma.c...
compiling stm32f1xx_hal_cortex.c...
compiling stm32f1xx_hal_gpio.c...
compiling stm32f1xx_hal_tim.c...
compiling stm32f1xx_hal_flash_ex.c...
compiling stm32f1xx_hal_flash.c...
compiling stm32f1xx_hal_pwr.c...
compiling stm32f1xx_hal_rcc.c...
compiling stm32f1xx_hal_tim_ex.c...
compiling stm32f1xx_it.c...
compiling stm32f1xx_hal_msp.c...
compiling main.c...
../Src/main.c(76): warning:  #188-D: enumerated type mixed with another type
../Src/main.c(78): warning:  #188-D: enumerated type mixed with another type
../Src/main.c(84): warning:  #188-D: enumerated type mixed with another type
../Src/main.c(85): warning:  #188-D: enumerated type mixed with another type
../Src/main.c(86): warning:  #188-D: enumerated type mixed with another type
../Src/main.c(87): warning:  #188-D: enumerated type mixed with another type
../Src/main.c(108): warning:  #188-D: enumerated type mixed with another type
../Src/main.c(135): warning:  #188-D: enumerated type mixed with another type
../Src/main.c(137): warning:  #188-D: enumerated type mixed with another type
../Src/main.c(237): warning:  #188-D: enumerated type mixed with another type
assembling startup_stm32f103xe.s...
compiling system_stm32f1xx.c...
linking...
Program Size: Code=4196 RO-data=352 RW-data=8 ZI-data=1024  
FromELF: creating hex file...
"LCD1602\LCD1602.axf" - 0 Errors, 10 Warning(s).
Load "LCD1602\\LCD1602.axf" 
Erase Done.
Programming Done.
Verify OK.
Application running ...
Rebuild target 'LCD1602'
compiling stm32f1xx_hal.c...
compiling stm32f1xx_hal_rcc_ex.c...
compiling stm32f1xx_hal_dma.c...
compiling stm32f1xx_hal_cortex.c...
compiling stm32f1xx_hal_gpio.c...
compiling stm32f1xx_hal_tim.c...
compiling stm32f1xx_hal_flash_ex.c...
compiling stm32f1xx_hal_flash.c...
compiling stm32f1xx_hal_pwr.c...
compiling stm32f1xx_hal_rcc.c...
compiling stm32f1xx_hal_tim_ex.c...
compiling stm32f1xx_it.c...
compiling stm32f1xx_hal_msp.c...
compiling main.c...
../Src/main.c(76): warning:  #188-D: enumerated type mixed with another type
../Src/main.c(78): warning:  #188-D: enumerated type mixed with another type
../Src/main.c(84): warning:  #188-D: enumerated type mixed with another type
../Src/main.c(85): warning:  #188-D: enumerated type mixed with another type
../Src/main.c(86): warning:  #188-D: enumerated type mixed with another type
../Src/main.c(87): warning:  #188-D: enumerated type mixed with another type
../Src/main.c(108): warning:  #188-D: enumerated type mixed with another type
../Src/main.c(135): warning:  #188-D: enumerated type mixed with another type
../Src/main.c(137): warning:  #188-D: enumerated type mixed with another type
../Src/main.c(237): warning:  #188-D: enumerated type mixed with another type
assembling startup_stm32f103xe.s...
compiling system_stm32f1xx.c...
linking...
Program Size: Code=4196 RO-data=352 RW-data=8 ZI-data=1024  
FromELF: creating hex file...
"LCD1602\LCD1602.axf" - 0 Errors, 10 Warning(s).
Load "LCD1602\\LCD1602.axf" 
Erase Done.
Programming Done.
Verify OK.
Application running ...
Rebuild target 'LCD1602'
compiling stm32f1xx_hal.c...
compiling stm32f1xx_hal_rcc_ex.c...
compiling stm32f1xx_hal_dma.c...
compiling stm32f1xx_hal_cortex.c...
compiling stm32f1xx_hal_gpio.c...
compiling stm32f1xx_hal_tim.c...
compiling stm32f1xx_hal_flash_ex.c...
compiling stm32f1xx_hal_flash.c...
compiling stm32f1xx_hal_pwr.c...
compiling stm32f1xx_hal_rcc.c...
compiling stm32f1xx_hal_tim_ex.c...
compiling stm32f1xx_it.c...
compiling stm32f1xx_hal_msp.c...
compiling main.c...
../Src/main.c(76): warning:  #188-D: enumerated type mixed with another type
../Src/main.c(78): warning:  #188-D: enumerated type mixed with another type
../Src/main.c(84): warning:  #188-D: enumerated type mixed with another type
../Src/main.c(85): warning:  #188-D: enumerated type mixed with another type
../Src/main.c(86): warning:  #188-D: enumerated type mixed with another type
../Src/main.c(87): warning:  #188-D: enumerated type mixed with another type
../Src/main.c(108): warning:  #188-D: enumerated type mixed with another type
../Src/main.c(135): warning:  #188-D: enumerated type mixed with another type
../Src/main.c(137): warning:  #188-D: enumerated type mixed with another type
../Src/main.c(237): warning:  #188-D: enumerated type mixed with another type
assembling startup_stm32f103xe.s...
compiling system_stm32f1xx.c...
linking...
Program Size: Code=4180 RO-data=352 RW-data=8 ZI-data=1024  
FromELF: creating hex file...
"LCD1602\LCD1602.axf" - 0 Errors, 10 Warning(s).
Load "LCD1602\\LCD1602.axf" 
Erase Done.
Programming Done.
Verify OK.
Application running ...
Rebuild target 'LCD1602'
compiling stm32f1xx_hal.c...
compiling stm32f1xx_hal_rcc_ex.c...
compiling stm32f1xx_hal_dma.c...
compiling stm32f1xx_hal_cortex.c...
compiling stm32f1xx_hal_gpio.c...
compiling stm32f1xx_hal_tim.c...
compiling stm32f1xx_hal_flash_ex.c...
compiling stm32f1xx_hal_flash.c...
compiling stm32f1xx_hal_pwr.c...
compiling stm32f1xx_hal_rcc.c...
compiling stm32f1xx_hal_tim_ex.c...
compiling stm32f1xx_it.c...
compiling stm32f1xx_hal_msp.c...
compiling main.c...
../Src/main.c(76): warning:  #188-D: enumerated type mixed with another type
../Src/main.c(77): warning:  #188-D: enumerated type mixed with another type
../Src/main.c(82): warning:  #188-D: enumerated type mixed with another type
../Src/main.c(83): warning:  #188-D: enumerated type mixed with another type
../Src/main.c(84): warning:  #188-D: enumerated type mixed with another type
../Src/main.c(85): warning:  #188-D: enumerated type mixed with another type
../Src/main.c(105): warning:  #188-D: enumerated type mixed with another type
../Src/main.c(127): warning:  #188-D: enumerated type mixed with another type
../Src/main.c(129): warning:  #188-D: enumerated type mixed with another type
../Src/main.c(229): warning:  #188-D: enumerated type mixed with another type
assembling startup_stm32f103xe.s...
compiling system_stm32f1xx.c...
linking...
Program Size: Code=4144 RO-data=352 RW-data=8 ZI-data=1024  
FromELF: creating hex file...
"LCD1602\LCD1602.axf" - 0 Errors, 10 Warning(s).
Load "LCD1602\\LCD1602.axf" 
Erase Done.
Programming Done.
Verify OK.
Application running ...
Rebuild target 'LCD1602'
compiling stm32f1xx_hal.c...
compiling stm32f1xx_hal_rcc_ex.c...
compiling stm32f1xx_hal_dma.c...
compiling stm32f1xx_hal_cortex.c...
compiling stm32f1xx_hal_gpio.c...
compiling stm32f1xx_hal_tim.c...
compiling stm32f1xx_hal_flash_ex.c...
compiling stm32f1xx_hal_flash.c...
compiling stm32f1xx_hal_pwr.c...
compiling stm32f1xx_hal_rcc.c...
compiling stm32f1xx_hal_tim_ex.c...
compiling stm32f1xx_it.c...
compiling stm32f1xx_hal_msp.c...
compiling main.c...
../Src/main.c(76): warning:  #188-D: enumerated type mixed with another type
../Src/main.c(77): warning:  #188-D: enumerated type mixed with another type
../Src/main.c(82): warning:  #188-D: enumerated type mixed with another type
../Src/main.c(83): warning:  #188-D: enumerated type mixed with another type
../Src/main.c(84): warning:  #188-D: enumerated type mixed with another type
../Src/main.c(85): warning:  #188-D: enumerated type mixed with another type
../Src/main.c(105): warning:  #188-D: enumerated type mixed with another type
../Src/main.c(129): warning:  #188-D: enumerated type mixed with another type
../Src/main.c(131): warning:  #188-D: enumerated type mixed with another type
../Src/main.c(231): warning:  #188-D: enumerated type mixed with another type
assembling startup_stm32f103xe.s...
compiling system_stm32f1xx.c...
linking...
Program Size: Code=4164 RO-data=352 RW-data=8 ZI-data=1024  
FromELF: creating hex file...
"LCD1602\LCD1602.axf" - 0 Errors, 10 Warning(s).
Load "LCD1602\\LCD1602.axf" 
Erase Done.
Programming Done.
Verify OK.
Application running ...
Rebuild target 'LCD1602'
compiling stm32f1xx_hal.c...
compiling stm32f1xx_hal_rcc_ex.c...
compiling stm32f1xx_hal_dma.c...
compiling stm32f1xx_hal_cortex.c...
compiling stm32f1xx_hal_gpio.c...
compiling stm32f1xx_hal_tim.c...
compiling stm32f1xx_hal_flash_ex.c...
compiling stm32f1xx_hal_flash.c...
compiling stm32f1xx_hal_pwr.c...
compiling stm32f1xx_hal_rcc.c...
compiling stm32f1xx_hal_tim_ex.c...
compiling stm32f1xx_it.c...
compiling stm32f1xx_hal_msp.c...
compiling main.c...
../Src/main.c(76): warning:  #188-D: enumerated type mixed with another type
../Src/main.c(78): warning:  #188-D: enumerated type mixed with another type
../Src/main.c(84): warning:  #188-D: enumerated type mixed with another type
../Src/main.c(85): warning:  #188-D: enumerated type mixed with another type
../Src/main.c(86): warning:  #188-D: enumerated type mixed with another type
../Src/main.c(87): warning:  #188-D: enumerated type mixed with another type
../Src/main.c(108): warning:  #188-D: enumerated type mixed with another type
../Src/main.c(135): warning:  #188-D: enumerated type mixed with another type
../Src/main.c(137): warning:  #188-D: enumerated type mixed with another type
../Src/main.c(237): warning:  #188-D: enumerated type mixed with another type
assembling startup_stm32f103xe.s...
compiling system_stm32f1xx.c...
linking...
Program Size: Code=4180 RO-data=352 RW-data=8 ZI-data=1024  
FromELF: creating hex file...
"LCD1602\LCD1602.axf" - 0 Errors, 10 Warning(s).
Load "LCD1602\\LCD1602.axf" 
Erase Done.
Programming Done.
Verify OK.
Application running ...
Rebuild target 'LCD1602'
compiling stm32f1xx_hal.c...
compiling stm32f1xx_hal_rcc_ex.c...
compiling stm32f1xx_hal_dma.c...
compiling stm32f1xx_hal_cortex.c...
compiling stm32f1xx_hal_gpio.c...
compiling stm32f1xx_hal_tim.c...
compiling stm32f1xx_hal_flash_ex.c...
compiling stm32f1xx_hal_flash.c...
compiling stm32f1xx_hal_pwr.c...
compiling stm32f1xx_hal_rcc.c...
compiling stm32f1xx_hal_tim_ex.c...
compiling stm32f1xx_it.c...
compiling stm32f1xx_hal_msp.c...
compiling main.c...
../Src/main.c(76): warning:  #188-D: enumerated type mixed with another type
../Src/main.c(78): warning:  #188-D: enumerated type mixed with another type
../Src/main.c(84): warning:  #188-D: enumerated type mixed with another type
../Src/main.c(85): warning:  #188-D: enumerated type mixed with another type
../Src/main.c(86): warning:  #188-D: enumerated type mixed with another type
../Src/main.c(87): warning:  #188-D: enumerated type mixed with another type
../Src/main.c(108): warning:  #188-D: enumerated type mixed with another type
../Src/main.c(135): warning:  #188-D: enumerated type mixed with another type
../Src/main.c(137): warning:  #188-D: enumerated type mixed with another type
../Src/main.c(235): warning:  #188-D: enumerated type mixed with another type
assembling startup_stm32f103xe.s...
compiling system_stm32f1xx.c...
linking...
Program Size: Code=4128 RO-data=352 RW-data=8 ZI-data=1024  
FromELF: creating hex file...
"LCD1602\LCD1602.axf" - 0 Errors, 10 Warning(s).
Rebuild target 'LCD1602'
compiling stm32f1xx_hal.c...
compiling stm32f1xx_hal_rcc_ex.c...
compiling stm32f1xx_hal_dma.c...
compiling stm32f1xx_hal_cortex.c...
compiling stm32f1xx_hal_gpio.c...
compiling stm32f1xx_hal_tim.c...
compiling stm32f1xx_hal_flash_ex.c...
compiling stm32f1xx_hal_flash.c...
compiling stm32f1xx_hal_pwr.c...
compiling stm32f1xx_hal_rcc.c...
compiling stm32f1xx_hal_tim_ex.c...
compiling stm32f1xx_it.c...
compiling stm32f1xx_hal_msp.c...
compiling main.c...
../Src/main.c(76): warning:  #188-D: enumerated type mixed with another type
../Src/main.c(78): warning:  #188-D: enumerated type mixed with another type
../Src/main.c(84): warning:  #188-D: enumerated type mixed with another type
../Src/main.c(85): warning:  #188-D: enumerated type mixed with another type
../Src/main.c(86): warning:  #188-D: enumerated type mixed with another type
../Src/main.c(87): warning:  #188-D: enumerated type mixed with another type
../Src/main.c(108): warning:  #188-D: enumerated type mixed with another type
../Src/main.c(134): warning:  #188-D: enumerated type mixed with another type
../Src/main.c(136): warning:  #188-D: enumerated type mixed with another type
../Src/main.c(234): warning:  #188-D: enumerated type mixed with another type
assembling startup_stm32f103xe.s...
compiling system_stm32f1xx.c...
linking...
Program Size: Code=4108 RO-data=352 RW-data=8 ZI-data=1024  
FromELF: creating hex file...
"LCD1602\LCD1602.axf" - 0 Errors, 10 Warning(s).
Load "LCD1602\\LCD1602.axf" 
Erase Done.
Programming Done.
Verify OK.
Application running ...
