<html>
<body>
<pre>
<h1>µVision Build Log</h1>
<h2>Project:</h2>
C:\STM32\Timer2\MDK-ARM\Timer2.uvproj
Project File Date:  04/18/2016

<h2>Output:</h2>
Rebuild target 'Timer2'
compiling stm32f1xx_hal_flash_ex.c...
compiling stm32f1xx_hal.c...
compiling stm32f1xx_hal_cortex.c...
compiling stm32f1xx_hal_dma.c...
compiling stm32f1xx_hal_rcc_ex.c...
compiling stm32f1xx_hal_gpio.c...
compiling stm32f1xx_hal_rcc.c...
compiling stm32f1xx_hal_tim.c...
compiling stm32f1xx_hal_pwr.c...
compiling stm32f1xx_hal_flash.c...
compiling stm32f1xx_hal_tim_ex.c...
assembling startup_stm32f103xb.s...
compiling main.c...
compiling stm32f1xx_hal_msp.c...
compiling stm32f1xx_it.c...
compiling system_stm32f1xx.c...
linking...
Program Size: Code=4452 RO-data=284 RW-data=12 ZI-data=1084  
"Timer2\Timer2.axf" - 0 Error(s), 0 Warning(s).
Load "Timer2\\Timer2.axf" 
Erase Done.
Programming Done.
Verify OK.
</pre>
</body>
</html>
