<html>
<body>
<pre>
<h1>µVision Build Log</h1>
<h2>Project:</h2>
C:\STM32\UART\MDK-ARM\UART.uvproj
Project File Date:  04/23/2016

<h2>Output:</h2>
Rebuild target 'UART'
compiling stm32f1xx_hal_gpio.c...
compiling stm32f1xx_hal_cortex.c...
compiling stm32f1xx_hal_uart.c...
compiling stm32f1xx_hal_tim.c...
compiling stm32f1xx_hal_tim_ex.c...
compiling stm32f1xx_hal.c...
compiling stm32f1xx_hal_rcc_ex.c...
compiling stm32f1xx_hal_flash_ex.c...
compiling stm32f1xx_hal_rcc.c...
compiling stm32f1xx_hal_pwr.c...
compiling stm32f1xx_hal_dma.c...
compiling stm32f1xx_hal_flash.c...
compiling system_stm32f1xx.c...
compiling stm32f1xx_it.c...
compiling main.c...
compiling stm32f1xx_hal_msp.c...
assembling startup_stm32f103xb.s...
linking...
Program Size: Code=5220 RO-data=284 RW-data=12 ZI-data=1092  
"UART\UART.axf" - 0 Error(s), 0 Warning(s).
Load "UART\\UART.axf" 
Erase Done.
Programming Done.
Verify OK.
Load "UART\\UART.axf" 
Erase Done.
Programming Done.
Verify OK.
Load "UART\\UART.axf" 
Erase Done.
Programming Done.
Verify OK.
</pre>
</body>
</html>
