<html>
<body>
<pre>
<h1>µVision Build Log</h1>
<h2>Project:</h2>
G:\Electronic\MCU\STM32\STM32F103RCT6\RTC_B\MDK-ARM\RTC_B.uvproj
Project File Date:  05/24/2016

<h2>Output:</h2>
Rebuild target 'RTC_B'
assembling startup_stm32f103xe.s...
compiling stm32f1xx_hal_msp.c...
compiling stm32f1xx_it.c...
compiling main.c...
compiling stm32f1xx_hal_flash.c...
compiling stm32f1xx_hal_rtc.c...
compiling stm32f1xx_hal_flash_ex.c...
compiling stm32f1xx_hal_cortex.c...
compiling stm32f1xx_hal_tim_ex.c...
compiling stm32f1xx_hal.c...
compiling stm32f1xx_hal_rcc.c...
compiling stm32f1xx_hal_gpio.c...
compiling stm32f1xx_hal_rcc_ex.c...
compiling stm32f1xx_hal_dma.c...
compiling stm32f1xx_hal_pwr.c...
compiling stm32f1xx_hal_rtc_ex.c...
compiling stm32f1xx_hal_tim.c...
compiling system_stm32f1xx.c...
linking...
Program Size: Code=5708 RO-data=352 RW-data=24 ZI-data=1048  
"RTC_B\RTC_B.axf" - 0 Errors, 0 Warning(s).
Load "RTC_B\\RTC_B.axf" 
Erase Done.
Programming Done.
Verify OK.
Application running ...
Rebuild target 'RTC_B'
assembling startup_stm32f103xe.s...
compiling stm32f1xx_hal_msp.c...
compiling stm32f1xx_it.c...
compiling main.c...
compiling stm32f1xx_hal_flash.c...
compiling stm32f1xx_hal_rtc.c...
compiling stm32f1xx_hal_flash_ex.c...
compiling stm32f1xx_hal_cortex.c...
compiling stm32f1xx_hal_tim_ex.c...
compiling stm32f1xx_hal.c...
compiling stm32f1xx_hal_rcc.c...
compiling stm32f1xx_hal_gpio.c...
compiling stm32f1xx_hal_rcc_ex.c...
compiling stm32f1xx_hal_dma.c...
compiling stm32f1xx_hal_pwr.c...
compiling stm32f1xx_hal_rtc_ex.c...
compiling stm32f1xx_hal_tim.c...
compiling system_stm32f1xx.c...
linking...
Program Size: Code=5316 RO-data=352 RW-data=24 ZI-data=1048  
"RTC_B\RTC_B.axf" - 0 Errors, 0 Warning(s).
Load "RTC_B\\RTC_B.axf" 
Erase Done.
Programming Done.
Verify OK.
Application running ...
