<html>
<body>
<pre>
<h1>µVision Build Log</h1>
<h2>Project:</h2>
C:\STM32\External Interrupt\MDK-ARM\External Interrupt.uvproj
Project File Date:  04/14/2016

<h2>Output:</h2>
Rebuild target 'External Interrupt'
compiling main.c...
compiling stm32f1xx_hal_msp.c...
compiling stm32f1xx_it.c...
compiling system_stm32f1xx.c...
compiling stm32f1xx_hal_flash_ex.c...
compiling stm32f1xx_hal_gpio.c...
compiling stm32f1xx_hal_dma.c...
compiling stm32f1xx_hal_cortex.c...
compiling stm32f1xx_hal_rcc.c...
compiling stm32f1xx_hal_rcc_ex.c...
compiling stm32f1xx_hal.c...
compiling stm32f1xx_hal_tim.c...
compiling stm32f1xx_hal_tim_ex.c...
compiling stm32f1xx_hal_pwr.c...
compiling stm32f1xx_hal_flash.c...
assembling startup_stm32f103xb.s...
linking...
Program Size: Code=3932 RO-data=284 RW-data=8 ZI-data=1024  
"External Interrupt\External Interrupt.axf" - 0 Error(s), 0 Warning(s).
Load "External Interrupt\\External Interrupt.axf" 
Erase Done.
Programming Done.
Verify OK.
</pre>
</body>
</html>
