<html>
<body>
<pre>
<h1>µVision Build Log</h1>
<h2>Project:</h2>
G:\Electronic\MCU\STM32\STM32F103RCT6\ADC 16Channels\MDK-ARM\ADC 16Channels.uvproj
Project File Date:  05/22/2016

<h2>Output:</h2>
Rebuild target 'ADC 16Channels'
compiling system_stm32f1xx.c...
compiling stm32f1xx_hal_msp.c...
compiling stm32f1xx_it.c...
compiling main.c...
../Src/main.c(97): error:  #65: expected a ";"
../Src/main.c(189): warning:  #12-D: parsing restarts here after previous syntax error
../Src/main.c(378): warning:  #188-D: enumerated type mixed with another type
../Src/main.c(381): warning:  #188-D: enumerated type mixed with another type
../Src/main.c(384): warning:  #188-D: enumerated type mixed with another type
compiling stm32f1xx_hal_adc.c...
compiling stm32f1xx_hal_adc_ex.c...
compiling stm32f1xx_hal_tim.c...
compiling stm32f1xx_hal.c...
compiling stm32f1xx_hal_tim_ex.c...
compiling stm32f1xx_hal_cortex.c...
compiling stm32f1xx_hal_flash.c...
compiling stm32f1xx_hal_flash_ex.c...
compiling stm32f1xx_hal_gpio.c...
compiling stm32f1xx_hal_rcc_ex.c...
compiling stm32f1xx_hal_dma.c...
compiling stm32f1xx_hal_pwr.c...
compiling stm32f1xx_hal_rcc.c...
assembling startup_stm32f103xe.s...
"ADC 16Channels\ADC 16Channels.axf" - 1 Errors, 4 Warning(s).
Target not created
Rebuild target 'ADC 16Channels'
compiling system_stm32f1xx.c...
compiling stm32f1xx_hal_msp.c...
compiling stm32f1xx_it.c...
compiling main.c...
../Src/main.c(74): warning:  #188-D: enumerated type mixed with another type
../Src/main.c(76): warning:  #188-D: enumerated type mixed with another type
../Src/main.c(82): warning:  #188-D: enumerated type mixed with another type
../Src/main.c(83): warning:  #188-D: enumerated type mixed with another type
../Src/main.c(84): warning:  #188-D: enumerated type mixed with another type
../Src/main.c(85): warning:  #188-D: enumerated type mixed with another type
../Src/main.c(105): warning:  #188-D: enumerated type mixed with another type
../Src/main.c(139): warning:  #188-D: enumerated type mixed with another type
../Src/main.c(141): warning:  #188-D: enumerated type mixed with another type
../Src/main.c(378): warning:  #188-D: enumerated type mixed with another type
../Src/main.c(381): warning:  #188-D: enumerated type mixed with another type
../Src/main.c(384): warning:  #188-D: enumerated type mixed with another type
compiling stm32f1xx_hal_adc.c...
compiling stm32f1xx_hal_adc_ex.c...
compiling stm32f1xx_hal_tim.c...
compiling stm32f1xx_hal.c...
compiling stm32f1xx_hal_tim_ex.c...
compiling stm32f1xx_hal_cortex.c...
compiling stm32f1xx_hal_flash.c...
compiling stm32f1xx_hal_flash_ex.c...
compiling stm32f1xx_hal_gpio.c...
compiling stm32f1xx_hal_rcc_ex.c...
compiling stm32f1xx_hal_dma.c...
compiling stm32f1xx_hal_pwr.c...
compiling stm32f1xx_hal_rcc.c...
assembling startup_stm32f103xe.s...
linking...
Program Size: Code=7568 RO-data=352 RW-data=8 ZI-data=1160  
"ADC 16Channels\ADC 16Channels.axf" - 0 Errors, 12 Warning(s).
Load "ADC 16Channels\\ADC 16Channels.axf" 
Erase Done.
Programming Done.
Verify OK.
Application running ...
Rebuild target 'ADC 16Channels'
compiling system_stm32f1xx.c...
compiling stm32f1xx_hal_msp.c...
compiling stm32f1xx_it.c...
compiling main.c...
../Src/main.c(89): warning:  #188-D: enumerated type mixed with another type
../Src/main.c(91): warning:  #188-D: enumerated type mixed with another type
../Src/main.c(97): warning:  #188-D: enumerated type mixed with another type
../Src/main.c(98): warning:  #188-D: enumerated type mixed with another type
../Src/main.c(99): warning:  #188-D: enumerated type mixed with another type
../Src/main.c(100): warning:  #188-D: enumerated type mixed with another type
../Src/main.c(120): warning:  #188-D: enumerated type mixed with another type
../Src/main.c(154): warning:  #188-D: enumerated type mixed with another type
../Src/main.c(156): warning:  #188-D: enumerated type mixed with another type
../Src/main.c(395): warning:  #188-D: enumerated type mixed with another type
../Src/main.c(398): warning:  #188-D: enumerated type mixed with another type
../Src/main.c(401): warning:  #188-D: enumerated type mixed with another type
compiling stm32f1xx_hal_adc.c...
compiling stm32f1xx_hal_adc_ex.c...
compiling stm32f1xx_hal_tim.c...
compiling stm32f1xx_hal.c...
compiling stm32f1xx_hal_tim_ex.c...
compiling stm32f1xx_hal_cortex.c...
compiling stm32f1xx_hal_flash.c...
compiling stm32f1xx_hal_flash_ex.c...
compiling stm32f1xx_hal_gpio.c...
compiling stm32f1xx_hal_rcc_ex.c...
compiling stm32f1xx_hal_dma.c...
compiling stm32f1xx_hal_pwr.c...
compiling stm32f1xx_hal_rcc.c...
assembling startup_stm32f103xe.s...
linking...
Program Size: Code=7916 RO-data=352 RW-data=8 ZI-data=1160  
"ADC 16Channels\ADC 16Channels.axf" - 0 Errors, 12 Warning(s).
Load "ADC 16Channels\\ADC 16Channels.axf" 
Load "ADC 16Channels\\ADC 16Channels.axf" 
Erase Done.
Programming Done.
Verify OK.
Application running ...
Rebuild target 'ADC 16Channels'
compiling system_stm32f1xx.c...
compiling stm32f1xx_hal_msp.c...
compiling stm32f1xx_it.c...
compiling main.c...
../Src/main.c(89): warning:  #188-D: enumerated type mixed with another type
../Src/main.c(91): warning:  #188-D: enumerated type mixed with another type
../Src/main.c(97): warning:  #188-D: enumerated type mixed with another type
../Src/main.c(98): warning:  #188-D: enumerated type mixed with another type
../Src/main.c(99): warning:  #188-D: enumerated type mixed with another type
../Src/main.c(100): warning:  #188-D: enumerated type mixed with another type
../Src/main.c(120): warning:  #188-D: enumerated type mixed with another type
../Src/main.c(154): warning:  #188-D: enumerated type mixed with another type
../Src/main.c(156): warning:  #188-D: enumerated type mixed with another type
../Src/main.c(200): warning:  #167-D: argument of type "unsigned char *" is incompatible with parameter of type "char *restrict"
../Src/main.c(200): warning:  #167-D: argument of type "unsigned char *" is incompatible with parameter of type "char *"
../Src/main.c(201): warning:  #167-D: argument of type "unsigned char *" is incompatible with parameter of type "char *restrict"
../Src/main.c(201): warning:  #167-D: argument of type "unsigned char *" is incompatible with parameter of type "char *"
../Src/main.c(202): warning:  #167-D: argument of type "unsigned char *" is incompatible with parameter of type "char *restrict"
../Src/main.c(202): warning:  #167-D: argument of type "unsigned char *" is incompatible with parameter of type "char *"
../Src/main.c(203): warning:  #167-D: argument of type "unsigned char *" is incompatible with parameter of type "char *restrict"
../Src/main.c(203): warning:  #167-D: argument of type "unsigned char *" is incompatible with parameter of type "char *"
../Src/main.c(204): warning:  #167-D: argument of type "unsigned char *" is incompatible with parameter of type "char *restrict"
../Src/main.c(204): warning:  #167-D: argument of type "unsigned char *" is incompatible with parameter of type "char *"
../Src/main.c(205): warning:  #167-D: argument of type "unsigned char *" is incompatible with parameter of type "char *restrict"
../Src/main.c(205): warning:  #167-D: argument of type "unsigned char *" is incompatible with parameter of type "char *"
../Src/main.c(206): warning:  #167-D: argument of type "unsigned char *" is incompatible with parameter of type "char *restrict"
../Src/main.c(206): warning:  #167-D: argument of type "unsigned char *" is incompatible with parameter of type "char *"
../Src/main.c(207): warning:  #167-D: argument of type "unsigned char *" is incompatible with parameter of type "char *restrict"
../Src/main.c(207): warning:  #167-D: argument of type "unsigned char *" is incompatible with parameter of type "char *"
../Src/main.c(208): warning:  #167-D: argument of type "unsigned char *" is incompatible with parameter of type "char *restrict"
../Src/main.c(208): warning:  #167-D: argument of type "unsigned char *" is incompatible with parameter of type "char *"
../Src/main.c(209): warning:  #167-D: argument of type "unsigned char *" is incompatible with parameter of type "char *restrict"
../Src/main.c(209): warning:  #167-D: argument of type "unsigned char *" is incompatible with parameter of type "char *"
../Src/main.c(210): warning:  #167-D: argument of type "unsigned char *" is incompatible with parameter of type "char *restrict"
../Src/main.c(210): warning:  #167-D: argument of type "unsigned char *" is incompatible with parameter of type "char *"
../Src/main.c(211): warning:  #167-D: argument of type "unsigned char *" is incompatible with parameter of type "char *restrict"
../Src/main.c(211): warning:  #167-D: argument of type "unsigned char *" is incompatible with parameter of type "char *"
../Src/main.c(212): warning:  #167-D: argument of type "unsigned char *" is incompatible with parameter of type "char *restrict"
../Src/main.c(212): warning:  #167-D: argument of type "unsigned char *" is incompatible with parameter of type "char *"
../Src/main.c(213): warning:  #167-D: argument of type "unsigned char *" is incompatible with parameter of type "char *restrict"
../Src/main.c(213): warning:  #167-D: argument of type "unsigned char *" is incompatible with parameter of type "char *"
../Src/main.c(214): warning:  #167-D: argument of type "unsigned char *" is incompatible with parameter of type "char *restrict"
../Src/main.c(214): warning:  #167-D: argument of type "unsigned char *" is incompatible with parameter of type "char *"
../Src/main.c(215): warning:  #167-D: argument of type "unsigned char *" is incompatible with parameter of type "char *restrict"
../Src/main.c(215): warning:  #167-D: argument of type "unsigned char *" is incompatible with parameter of type "char *"
../Src/main.c(410): warning:  #188-D: enumerated type mixed with another type
../Src/main.c(413): warning:  #188-D: enumerated type mixed with another type
../Src/main.c(416): warning:  #188-D: enumerated type mixed with another type
compiling stm32f1xx_hal_adc.c...
compiling stm32f1xx_hal_adc_ex.c...
compiling stm32f1xx_hal_tim.c...
compiling stm32f1xx_hal.c...
compiling stm32f1xx_hal_tim_ex.c...
compiling stm32f1xx_hal_cortex.c...
compiling stm32f1xx_hal_flash.c...
compiling stm32f1xx_hal_flash_ex.c...
compiling stm32f1xx_hal_gpio.c...
compiling stm32f1xx_hal_rcc_ex.c...
compiling stm32f1xx_hal_dma.c...
compiling stm32f1xx_hal_pwr.c...
compiling stm32f1xx_hal_rcc.c...
assembling startup_stm32f103xe.s...
linking...
Program Size: Code=8792 RO-data=352 RW-data=72 ZI-data=1160  
"ADC 16Channels\ADC 16Channels.axf" - 0 Errors, 44 Warning(s).
Load "ADC 16Channels\\ADC 16Channels.axf" 
Load "ADC 16Channels\\ADC 16Channels.axf" 
Erase Done.
Programming Done.
Verify OK.
Application running ...
Rebuild target 'ADC 16Channels'
compiling system_stm32f1xx.c...
compiling stm32f1xx_hal_msp.c...
compiling stm32f1xx_it.c...
compiling main.c...
../Src/main.c(89): warning:  #188-D: enumerated type mixed with another type
../Src/main.c(91): warning:  #188-D: enumerated type mixed with another type
../Src/main.c(97): warning:  #188-D: enumerated type mixed with another type
../Src/main.c(98): warning:  #188-D: enumerated type mixed with another type
../Src/main.c(99): warning:  #188-D: enumerated type mixed with another type
../Src/main.c(100): warning:  #188-D: enumerated type mixed with another type
../Src/main.c(120): warning:  #188-D: enumerated type mixed with another type
../Src/main.c(154): warning:  #188-D: enumerated type mixed with another type
../Src/main.c(156): warning:  #188-D: enumerated type mixed with another type
../Src/main.c(218): warning:  #167-D: argument of type "unsigned char *" is incompatible with parameter of type "char *restrict"
../Src/main.c(219): warning:  #167-D: argument of type "unsigned char *" is incompatible with parameter of type "char *"
../Src/main.c(413): warning:  #188-D: enumerated type mixed with another type
../Src/main.c(416): warning:  #188-D: enumerated type mixed with another type
../Src/main.c(419): warning:  #188-D: enumerated type mixed with another type
compiling stm32f1xx_hal_adc.c...
compiling stm32f1xx_hal_adc_ex.c...
compiling stm32f1xx_hal_tim.c...
compiling stm32f1xx_hal.c...
compiling stm32f1xx_hal_tim_ex.c...
compiling stm32f1xx_hal_cortex.c...
compiling stm32f1xx_hal_flash.c...
compiling stm32f1xx_hal_flash_ex.c...
compiling stm32f1xx_hal_gpio.c...
compiling stm32f1xx_hal_rcc_ex.c...
compiling stm32f1xx_hal_dma.c...
compiling stm32f1xx_hal_pwr.c...
compiling stm32f1xx_hal_rcc.c...
assembling startup_stm32f103xe.s...
linking...
Program Size: Code=8384 RO-data=352 RW-data=8 ZI-data=1184  
"ADC 16Channels\ADC 16Channels.axf" - 0 Errors, 14 Warning(s).
Load "ADC 16Channels\\ADC 16Channels.axf" 
Erase Done.
Programming Done.
Verify OK.
Application running ...
Rebuild target 'ADC 16Channels'
compiling system_stm32f1xx.c...
compiling stm32f1xx_hal_msp.c...
compiling stm32f1xx_it.c...
compiling main.c...
../Src/main.c(89): warning:  #188-D: enumerated type mixed with another type
../Src/main.c(91): warning:  #188-D: enumerated type mixed with another type
../Src/main.c(97): warning:  #188-D: enumerated type mixed with another type
../Src/main.c(98): warning:  #188-D: enumerated type mixed with another type
../Src/main.c(99): warning:  #188-D: enumerated type mixed with another type
../Src/main.c(100): warning:  #188-D: enumerated type mixed with another type
../Src/main.c(120): warning:  #188-D: enumerated type mixed with another type
../Src/main.c(154): warning:  #188-D: enumerated type mixed with another type
../Src/main.c(156): warning:  #188-D: enumerated type mixed with another type
../Src/main.c(217): warning:  #167-D: argument of type "unsigned char *" is incompatible with parameter of type "char *restrict"
../Src/main.c(217): warning:  #167-D: argument of type "unsigned char *" is incompatible with parameter of type "char *"
../Src/main.c(218): warning:  #167-D: argument of type "unsigned char *" is incompatible with parameter of type "char *restrict"
../Src/main.c(218): warning:  #167-D: argument of type "unsigned char *" is incompatible with parameter of type "char *"
../Src/main.c(219): warning:  #167-D: argument of type "unsigned char *" is incompatible with parameter of type "char *restrict"
../Src/main.c(219): warning:  #167-D: argument of type "unsigned char *" is incompatible with parameter of type "char *"
../Src/main.c(220): warning:  #167-D: argument of type "unsigned char *" is incompatible with parameter of type "char *restrict"
../Src/main.c(220): warning:  #167-D: argument of type "unsigned char *" is incompatible with parameter of type "char *"
../Src/main.c(416): warning:  #188-D: enumerated type mixed with another type
../Src/main.c(419): warning:  #188-D: enumerated type mixed with another type
../Src/main.c(422): warning:  #188-D: enumerated type mixed with another type
compiling stm32f1xx_hal_adc.c...
compiling stm32f1xx_hal_adc_ex.c...
compiling stm32f1xx_hal_tim.c...
compiling stm32f1xx_hal.c...
compiling stm32f1xx_hal_tim_ex.c...
compiling stm32f1xx_hal_cortex.c...
compiling stm32f1xx_hal_flash.c...
compiling stm32f1xx_hal_flash_ex.c...
compiling stm32f1xx_hal_gpio.c...
compiling stm32f1xx_hal_rcc_ex.c...
compiling stm32f1xx_hal_dma.c...
compiling stm32f1xx_hal_pwr.c...
compiling stm32f1xx_hal_rcc.c...
assembling startup_stm32f103xe.s...
linking...
Program Size: Code=8528 RO-data=352 RW-data=8 ZI-data=1184  
"ADC 16Channels\ADC 16Channels.axf" - 0 Errors, 20 Warning(s).
Load "ADC 16Channels\\ADC 16Channels.axf" 
Erase Done.
Programming Done.
Verify OK.
Application running ...
Rebuild target 'ADC 16Channels'
compiling system_stm32f1xx.c...
compiling stm32f1xx_hal_msp.c...
compiling stm32f1xx_it.c...
compiling main.c...
../Src/main.c(89): warning:  #188-D: enumerated type mixed with another type
../Src/main.c(91): warning:  #188-D: enumerated type mixed with another type
../Src/main.c(97): warning:  #188-D: enumerated type mixed with another type
../Src/main.c(98): warning:  #188-D: enumerated type mixed with another type
../Src/main.c(99): warning:  #188-D: enumerated type mixed with another type
../Src/main.c(100): warning:  #188-D: enumerated type mixed with another type
../Src/main.c(120): warning:  #188-D: enumerated type mixed with another type
../Src/main.c(154): warning:  #188-D: enumerated type mixed with another type
../Src/main.c(156): warning:  #188-D: enumerated type mixed with another type
../Src/main.c(217): warning:  #167-D: argument of type "unsigned char *" is incompatible with parameter of type "char *restrict"
../Src/main.c(217): warning:  #167-D: argument of type "unsigned char *" is incompatible with parameter of type "char *"
../Src/main.c(218): warning:  #167-D: argument of type "unsigned char *" is incompatible with parameter of type "char *restrict"
../Src/main.c(218): warning:  #167-D: argument of type "unsigned char *" is incompatible with parameter of type "char *"
../Src/main.c(219): warning:  #167-D: argument of type "unsigned char *" is incompatible with parameter of type "char *restrict"
../Src/main.c(219): warning:  #167-D: argument of type "unsigned char *" is incompatible with parameter of type "char *"
../Src/main.c(220): warning:  #167-D: argument of type "unsigned char *" is incompatible with parameter of type "char *restrict"
../Src/main.c(220): warning:  #167-D: argument of type "unsigned char *" is incompatible with parameter of type "char *"
../Src/main.c(416): warning:  #188-D: enumerated type mixed with another type
../Src/main.c(419): warning:  #188-D: enumerated type mixed with another type
../Src/main.c(422): warning:  #188-D: enumerated type mixed with another type
compiling stm32f1xx_hal_adc.c...
compiling stm32f1xx_hal_adc_ex.c...
compiling stm32f1xx_hal_tim.c...
compiling stm32f1xx_hal.c...
compiling stm32f1xx_hal_tim_ex.c...
compiling stm32f1xx_hal_cortex.c...
compiling stm32f1xx_hal_flash.c...
compiling stm32f1xx_hal_flash_ex.c...
compiling stm32f1xx_hal_gpio.c...
compiling stm32f1xx_hal_rcc_ex.c...
compiling stm32f1xx_hal_dma.c...
compiling stm32f1xx_hal_pwr.c...
compiling stm32f1xx_hal_rcc.c...
assembling startup_stm32f103xe.s...
linking...
Program Size: Code=8504 RO-data=352 RW-data=8 ZI-data=1184  
"ADC 16Channels\ADC 16Channels.axf" - 0 Errors, 20 Warning(s).
Load "ADC 16Channels\\ADC 16Channels.axf" 
Erase Done.
Programming Done.
Verify OK.
Application running ...
Rebuild target 'ADC 16Channels'
compiling system_stm32f1xx.c...
compiling stm32f1xx_hal_msp.c...
compiling stm32f1xx_it.c...
compiling main.c...
../Src/main.c(89): warning:  #188-D: enumerated type mixed with another type
../Src/main.c(91): warning:  #188-D: enumerated type mixed with another type
../Src/main.c(97): warning:  #188-D: enumerated type mixed with another type
../Src/main.c(98): warning:  #188-D: enumerated type mixed with another type
../Src/main.c(99): warning:  #188-D: enumerated type mixed with another type
../Src/main.c(100): warning:  #188-D: enumerated type mixed with another type
../Src/main.c(120): warning:  #188-D: enumerated type mixed with another type
../Src/main.c(154): warning:  #188-D: enumerated type mixed with another type
../Src/main.c(156): warning:  #188-D: enumerated type mixed with another type
../Src/main.c(217): warning:  #167-D: argument of type "unsigned char *" is incompatible with parameter of type "char *restrict"
../Src/main.c(217): warning:  #167-D: argument of type "unsigned char *" is incompatible with parameter of type "char *"
../Src/main.c(218): warning:  #167-D: argument of type "unsigned char *" is incompatible with parameter of type "char *restrict"
../Src/main.c(218): warning:  #167-D: argument of type "unsigned char *" is incompatible with parameter of type "char *"
../Src/main.c(219): warning:  #167-D: argument of type "unsigned char *" is incompatible with parameter of type "char *restrict"
../Src/main.c(219): warning:  #167-D: argument of type "unsigned char *" is incompatible with parameter of type "char *"
../Src/main.c(220): warning:  #167-D: argument of type "unsigned char *" is incompatible with parameter of type "char *restrict"
../Src/main.c(220): warning:  #167-D: argument of type "unsigned char *" is incompatible with parameter of type "char *"
../Src/main.c(416): warning:  #188-D: enumerated type mixed with another type
../Src/main.c(419): warning:  #188-D: enumerated type mixed with another type
../Src/main.c(422): warning:  #188-D: enumerated type mixed with another type
compiling stm32f1xx_hal_adc.c...
compiling stm32f1xx_hal_adc_ex.c...
compiling stm32f1xx_hal_tim.c...
compiling stm32f1xx_hal.c...
compiling stm32f1xx_hal_tim_ex.c...
compiling stm32f1xx_hal_cortex.c...
compiling stm32f1xx_hal_flash.c...
compiling stm32f1xx_hal_flash_ex.c...
compiling stm32f1xx_hal_gpio.c...
compiling stm32f1xx_hal_rcc_ex.c...
compiling stm32f1xx_hal_dma.c...
compiling stm32f1xx_hal_pwr.c...
compiling stm32f1xx_hal_rcc.c...
assembling startup_stm32f103xe.s...
linking...
Program Size: Code=8516 RO-data=352 RW-data=8 ZI-data=1192  
"ADC 16Channels\ADC 16Channels.axf" - 0 Errors, 20 Warning(s).
Load "ADC 16Channels\\ADC 16Channels.axf" 
Erase Done.
Programming Done.
Verify OK.
Application running ...
Rebuild target 'ADC 16Channels'
compiling system_stm32f1xx.c...
compiling stm32f1xx_hal_msp.c...
compiling stm32f1xx_it.c...
compiling main.c...
../Src/main.c(89): warning:  #188-D: enumerated type mixed with another type
../Src/main.c(91): warning:  #188-D: enumerated type mixed with another type
../Src/main.c(97): warning:  #188-D: enumerated type mixed with another type
../Src/main.c(98): warning:  #188-D: enumerated type mixed with another type
../Src/main.c(99): warning:  #188-D: enumerated type mixed with another type
../Src/main.c(100): warning:  #188-D: enumerated type mixed with another type
../Src/main.c(120): warning:  #188-D: enumerated type mixed with another type
../Src/main.c(154): warning:  #188-D: enumerated type mixed with another type
../Src/main.c(156): warning:  #188-D: enumerated type mixed with another type
../Src/main.c(217): warning:  #167-D: argument of type "unsigned char *" is incompatible with parameter of type "char *restrict"
../Src/main.c(217): warning:  #167-D: argument of type "unsigned char *" is incompatible with parameter of type "char *"
../Src/main.c(218): warning:  #167-D: argument of type "unsigned char *" is incompatible with parameter of type "char *restrict"
../Src/main.c(218): warning:  #167-D: argument of type "unsigned char *" is incompatible with parameter of type "char *"
../Src/main.c(219): warning:  #167-D: argument of type "unsigned char *" is incompatible with parameter of type "char *restrict"
../Src/main.c(219): warning:  #167-D: argument of type "unsigned char *" is incompatible with parameter of type "char *"
../Src/main.c(220): warning:  #167-D: argument of type "unsigned char *" is incompatible with parameter of type "char *restrict"
../Src/main.c(220): warning:  #167-D: argument of type "unsigned char *" is incompatible with parameter of type "char *"
../Src/main.c(416): warning:  #188-D: enumerated type mixed with another type
../Src/main.c(419): warning:  #188-D: enumerated type mixed with another type
../Src/main.c(422): warning:  #188-D: enumerated type mixed with another type
compiling stm32f1xx_hal_adc.c...
compiling stm32f1xx_hal_adc_ex.c...
compiling stm32f1xx_hal_tim.c...
compiling stm32f1xx_hal.c...
compiling stm32f1xx_hal_tim_ex.c...
compiling stm32f1xx_hal_cortex.c...
compiling stm32f1xx_hal_flash.c...
compiling stm32f1xx_hal_flash_ex.c...
compiling stm32f1xx_hal_gpio.c...
compiling stm32f1xx_hal_rcc_ex.c...
compiling stm32f1xx_hal_dma.c...
compiling stm32f1xx_hal_pwr.c...
compiling stm32f1xx_hal_rcc.c...
assembling startup_stm32f103xe.s...
linking...
Program Size: Code=8516 RO-data=352 RW-data=8 ZI-data=1192  
"ADC 16Channels\ADC 16Channels.axf" - 0 Errors, 20 Warning(s).
Load "ADC 16Channels\\ADC 16Channels.axf" 
Erase Done.
Programming Done.
Verify OK.
Application running ...
Load "ADC 16Channels\\ADC 16Channels.axf" 
Erase Done.
Programming Done.
Verify OK.
Application running ...
Rebuild target 'ADC 16Channels'
compiling system_stm32f1xx.c...
compiling stm32f1xx_hal_msp.c...
compiling stm32f1xx_it.c...
compiling main.c...
../Src/main.c(89): warning:  #188-D: enumerated type mixed with another type
../Src/main.c(91): warning:  #188-D: enumerated type mixed with another type
../Src/main.c(97): warning:  #188-D: enumerated type mixed with another type
../Src/main.c(98): warning:  #188-D: enumerated type mixed with another type
../Src/main.c(99): warning:  #188-D: enumerated type mixed with another type
../Src/main.c(100): warning:  #188-D: enumerated type mixed with another type
../Src/main.c(120): warning:  #188-D: enumerated type mixed with another type
../Src/main.c(154): warning:  #188-D: enumerated type mixed with another type
../Src/main.c(156): warning:  #188-D: enumerated type mixed with another type
../Src/main.c(200): warning:  #167-D: argument of type "unsigned char *" is incompatible with parameter of type "char *restrict"
../Src/main.c(200): warning:  #167-D: argument of type "unsigned char *" is incompatible with parameter of type "char *"
../Src/main.c(399): warning:  #188-D: enumerated type mixed with another type
../Src/main.c(402): warning:  #188-D: enumerated type mixed with another type
../Src/main.c(405): warning:  #188-D: enumerated type mixed with another type
compiling stm32f1xx_hal_adc.c...
compiling stm32f1xx_hal_adc_ex.c...
compiling stm32f1xx_hal_tim.c...
compiling stm32f1xx_hal.c...
compiling stm32f1xx_hal_tim_ex.c...
compiling stm32f1xx_hal_cortex.c...
compiling stm32f1xx_hal_flash.c...
compiling stm32f1xx_hal_flash_ex.c...
compiling stm32f1xx_hal_gpio.c...
compiling stm32f1xx_hal_rcc_ex.c...
compiling stm32f1xx_hal_dma.c...
compiling stm32f1xx_hal_pwr.c...
compiling stm32f1xx_hal_rcc.c...
assembling startup_stm32f103xe.s...
linking...
Program Size: Code=8404 RO-data=352 RW-data=8 ZI-data=1192  
"ADC 16Channels\ADC 16Channels.axf" - 0 Errors, 14 Warning(s).
Load "ADC 16Channels\\ADC 16Channels.axf" 
Erase Done.
Programming Done.
Verify OK.
Application running ...
Rebuild target 'ADC 16Channels'
compiling system_stm32f1xx.c...
compiling stm32f1xx_hal_msp.c...
compiling stm32f1xx_it.c...
compiling main.c...
../Src/main.c(89): warning:  #188-D: enumerated type mixed with another type
../Src/main.c(91): warning:  #188-D: enumerated type mixed with another type
../Src/main.c(97): warning:  #188-D: enumerated type mixed with another type
../Src/main.c(98): warning:  #188-D: enumerated type mixed with another type
../Src/main.c(99): warning:  #188-D: enumerated type mixed with another type
../Src/main.c(100): warning:  #188-D: enumerated type mixed with another type
../Src/main.c(120): warning:  #188-D: enumerated type mixed with another type
../Src/main.c(154): warning:  #188-D: enumerated type mixed with another type
../Src/main.c(156): warning:  #188-D: enumerated type mixed with another type
../Src/main.c(200): warning:  #167-D: argument of type "unsigned char *" is incompatible with parameter of type "char *restrict"
../Src/main.c(200): warning:  #167-D: argument of type "unsigned char *" is incompatible with parameter of type "char *"
../Src/main.c(201): warning:  #167-D: argument of type "unsigned char *" is incompatible with parameter of type "char *restrict"
../Src/main.c(201): warning:  #167-D: argument of type "unsigned char *" is incompatible with parameter of type "char *"
../Src/main.c(399): warning:  #188-D: enumerated type mixed with another type
../Src/main.c(402): warning:  #188-D: enumerated type mixed with another type
../Src/main.c(405): warning:  #188-D: enumerated type mixed with another type
compiling stm32f1xx_hal_adc.c...
compiling stm32f1xx_hal_adc_ex.c...
compiling stm32f1xx_hal_tim.c...
compiling stm32f1xx_hal.c...
compiling stm32f1xx_hal_tim_ex.c...
compiling stm32f1xx_hal_cortex.c...
compiling stm32f1xx_hal_flash.c...
compiling stm32f1xx_hal_flash_ex.c...
compiling stm32f1xx_hal_gpio.c...
compiling stm32f1xx_hal_rcc_ex.c...
compiling stm32f1xx_hal_dma.c...
compiling stm32f1xx_hal_pwr.c...
compiling stm32f1xx_hal_rcc.c...
assembling startup_stm32f103xe.s...
linking...
Program Size: Code=8440 RO-data=352 RW-data=8 ZI-data=1192  
"ADC 16Channels\ADC 16Channels.axf" - 0 Errors, 16 Warning(s).
Load "ADC 16Channels\\ADC 16Channels.axf" 
Erase Done.
Programming Done.
Verify OK.
Application running ...
Rebuild target 'ADC 16Channels'
compiling system_stm32f1xx.c...
compiling stm32f1xx_hal_msp.c...
compiling stm32f1xx_it.c...
compiling main.c...
../Src/main.c(89): warning:  #188-D: enumerated type mixed with another type
../Src/main.c(91): warning:  #188-D: enumerated type mixed with another type
../Src/main.c(97): warning:  #188-D: enumerated type mixed with another type
../Src/main.c(98): warning:  #188-D: enumerated type mixed with another type
../Src/main.c(99): warning:  #188-D: enumerated type mixed with another type
../Src/main.c(100): warning:  #188-D: enumerated type mixed with another type
../Src/main.c(120): warning:  #188-D: enumerated type mixed with another type
../Src/main.c(154): warning:  #188-D: enumerated type mixed with another type
../Src/main.c(156): warning:  #188-D: enumerated type mixed with another type
../Src/main.c(202): warning:  #167-D: argument of type "unsigned char *" is incompatible with parameter of type "char *restrict"
../Src/main.c(202): warning:  #167-D: argument of type "unsigned char *" is incompatible with parameter of type "char *"
../Src/main.c(203): warning:  #167-D: argument of type "unsigned char *" is incompatible with parameter of type "char *restrict"
../Src/main.c(203): warning:  #167-D: argument of type "unsigned char *" is incompatible with parameter of type "char *"
../Src/main.c(399): warning:  #188-D: enumerated type mixed with another type
../Src/main.c(402): warning:  #188-D: enumerated type mixed with another type
../Src/main.c(405): warning:  #188-D: enumerated type mixed with another type
compiling stm32f1xx_hal_adc.c...
compiling stm32f1xx_hal_adc_ex.c...
compiling stm32f1xx_hal_tim.c...
compiling stm32f1xx_hal.c...
compiling stm32f1xx_hal_tim_ex.c...
compiling stm32f1xx_hal_cortex.c...
compiling stm32f1xx_hal_flash.c...
compiling stm32f1xx_hal_flash_ex.c...
compiling stm32f1xx_hal_gpio.c...
compiling stm32f1xx_hal_rcc_ex.c...
compiling stm32f1xx_hal_dma.c...
compiling stm32f1xx_hal_pwr.c...
compiling stm32f1xx_hal_rcc.c...
assembling startup_stm32f103xe.s...
linking...
Program Size: Code=8448 RO-data=352 RW-data=8 ZI-data=1192  
"ADC 16Channels\ADC 16Channels.axf" - 0 Errors, 16 Warning(s).
Load "ADC 16Channels\\ADC 16Channels.axf" 
Erase Done.
Programming Done.
Verify OK.
Application running ...
Rebuild target 'ADC 16Channels'
compiling system_stm32f1xx.c...
compiling stm32f1xx_hal_msp.c...
compiling stm32f1xx_it.c...
compiling main.c...
../Src/main.c(89): warning:  #188-D: enumerated type mixed with another type
../Src/main.c(91): warning:  #188-D: enumerated type mixed with another type
../Src/main.c(97): warning:  #188-D: enumerated type mixed with another type
../Src/main.c(98): warning:  #188-D: enumerated type mixed with another type
../Src/main.c(99): warning:  #188-D: enumerated type mixed with another type
../Src/main.c(100): warning:  #188-D: enumerated type mixed with another type
../Src/main.c(120): warning:  #188-D: enumerated type mixed with another type
../Src/main.c(154): warning:  #188-D: enumerated type mixed with another type
../Src/main.c(156): warning:  #188-D: enumerated type mixed with another type
../Src/main.c(200): warning:  #167-D: argument of type "unsigned char *" is incompatible with parameter of type "char *restrict"
../Src/main.c(200): warning:  #167-D: argument of type "unsigned char *" is incompatible with parameter of type "char *"
../Src/main.c(201): warning:  #167-D: argument of type "unsigned char *" is incompatible with parameter of type "char *restrict"
../Src/main.c(201): warning:  #167-D: argument of type "unsigned char *" is incompatible with parameter of type "char *"
../Src/main.c(202): warning:  #167-D: argument of type "unsigned char *" is incompatible with parameter of type "char *restrict"
../Src/main.c(202): warning:  #167-D: argument of type "unsigned char *" is incompatible with parameter of type "char *"
../Src/main.c(203): warning:  #167-D: argument of type "unsigned char *" is incompatible with parameter of type "char *restrict"
../Src/main.c(203): warning:  #167-D: argument of type "unsigned char *" is incompatible with parameter of type "char *"
../Src/main.c(399): warning:  #188-D: enumerated type mixed with another type
../Src/main.c(402): warning:  #188-D: enumerated type mixed with another type
../Src/main.c(405): warning:  #188-D: enumerated type mixed with another type
compiling stm32f1xx_hal_adc.c...
compiling stm32f1xx_hal_adc_ex.c...
compiling stm32f1xx_hal_tim.c...
compiling stm32f1xx_hal.c...
compiling stm32f1xx_hal_tim_ex.c...
compiling stm32f1xx_hal_cortex.c...
compiling stm32f1xx_hal_flash.c...
compiling stm32f1xx_hal_flash_ex.c...
compiling stm32f1xx_hal_gpio.c...
compiling stm32f1xx_hal_rcc_ex.c...
compiling stm32f1xx_hal_dma.c...
compiling stm32f1xx_hal_pwr.c...
compiling stm32f1xx_hal_rcc.c...
assembling startup_stm32f103xe.s...
linking...
Program Size: Code=8536 RO-data=352 RW-data=8 ZI-data=1192  
"ADC 16Channels\ADC 16Channels.axf" - 0 Errors, 20 Warning(s).
Load "ADC 16Channels\\ADC 16Channels.axf" 
Erase Done.
Programming Done.
Verify OK.
Application running ...
Rebuild target 'ADC 16Channels'
compiling system_stm32f1xx.c...
compiling stm32f1xx_hal_msp.c...
compiling stm32f1xx_it.c...
compiling main.c...
../Src/main.c(77): warning:  #188-D: enumerated type mixed with another type
../Src/main.c(79): warning:  #188-D: enumerated type mixed with another type
../Src/main.c(85): warning:  #188-D: enumerated type mixed with another type
../Src/main.c(86): warning:  #188-D: enumerated type mixed with another type
../Src/main.c(87): warning:  #188-D: enumerated type mixed with another type
../Src/main.c(88): warning:  #188-D: enumerated type mixed with another type
../Src/main.c(108): warning:  #188-D: enumerated type mixed with another type
../Src/main.c(142): warning:  #188-D: enumerated type mixed with another type
../Src/main.c(144): warning:  #188-D: enumerated type mixed with another type
../Src/main.c(188): warning:  #167-D: argument of type "unsigned char *" is incompatible with parameter of type "char *restrict"
../Src/main.c(188): warning:  #167-D: argument of type "unsigned char *" is incompatible with parameter of type "char *"
../Src/main.c(189): warning:  #167-D: argument of type "unsigned char *" is incompatible with parameter of type "char *restrict"
../Src/main.c(189): warning:  #167-D: argument of type "unsigned char *" is incompatible with parameter of type "char *"
../Src/main.c(190): warning:  #167-D: argument of type "unsigned char *" is incompatible with parameter of type "char *restrict"
../Src/main.c(190): warning:  #167-D: argument of type "unsigned char *" is incompatible with parameter of type "char *"
../Src/main.c(191): warning:  #167-D: argument of type "unsigned char *" is incompatible with parameter of type "char *restrict"
../Src/main.c(191): warning:  #167-D: argument of type "unsigned char *" is incompatible with parameter of type "char *"
../Src/main.c(387): warning:  #188-D: enumerated type mixed with another type
../Src/main.c(390): warning:  #188-D: enumerated type mixed with another type
../Src/main.c(393): warning:  #188-D: enumerated type mixed with another type
compiling stm32f1xx_hal_adc.c...
compiling stm32f1xx_hal_adc_ex.c...
compiling stm32f1xx_hal_tim.c...
compiling stm32f1xx_hal.c...
compiling stm32f1xx_hal_tim_ex.c...
compiling stm32f1xx_hal_cortex.c...
compiling stm32f1xx_hal_flash.c...
compiling stm32f1xx_hal_flash_ex.c...
compiling stm32f1xx_hal_gpio.c...
compiling stm32f1xx_hal_rcc_ex.c...
compiling stm32f1xx_hal_dma.c...
compiling stm32f1xx_hal_pwr.c...
compiling stm32f1xx_hal_rcc.c...
assembling startup_stm32f103xe.s...
linking...
Program Size: Code=8536 RO-data=352 RW-data=8 ZI-data=1280  
"ADC 16Channels\ADC 16Channels.axf" - 0 Errors, 20 Warning(s).
Load "ADC 16Channels\\ADC 16Channels.axf" 
Erase Done.
Programming Done.
Verify OK.
Application running ...
Rebuild target 'ADC 16Channels'
compiling system_stm32f1xx.c...
compiling stm32f1xx_hal_msp.c...
compiling stm32f1xx_it.c...
compiling main.c...
../Src/main.c(77): warning:  #188-D: enumerated type mixed with another type
../Src/main.c(79): warning:  #188-D: enumerated type mixed with another type
../Src/main.c(85): warning:  #188-D: enumerated type mixed with another type
../Src/main.c(86): warning:  #188-D: enumerated type mixed with another type
../Src/main.c(87): warning:  #188-D: enumerated type mixed with another type
../Src/main.c(88): warning:  #188-D: enumerated type mixed with another type
../Src/main.c(108): warning:  #188-D: enumerated type mixed with another type
../Src/main.c(142): warning:  #188-D: enumerated type mixed with another type
../Src/main.c(144): warning:  #188-D: enumerated type mixed with another type
../Src/main.c(188): warning:  #167-D: argument of type "unsigned char *" is incompatible with parameter of type "char *restrict"
../Src/main.c(188): warning:  #167-D: argument of type "unsigned char *" is incompatible with parameter of type "char *"
../Src/main.c(189): warning:  #167-D: argument of type "unsigned char *" is incompatible with parameter of type "char *restrict"
../Src/main.c(189): warning:  #167-D: argument of type "unsigned char *" is incompatible with parameter of type "char *"
../Src/main.c(190): warning:  #167-D: argument of type "unsigned char *" is incompatible with parameter of type "char *restrict"
../Src/main.c(190): warning:  #167-D: argument of type "unsigned char *" is incompatible with parameter of type "char *"
../Src/main.c(191): warning:  #167-D: argument of type "unsigned char *" is incompatible with parameter of type "char *restrict"
../Src/main.c(191): warning:  #167-D: argument of type "unsigned char *" is incompatible with parameter of type "char *"
../Src/main.c(387): warning:  #188-D: enumerated type mixed with another type
../Src/main.c(390): warning:  #188-D: enumerated type mixed with another type
../Src/main.c(393): warning:  #188-D: enumerated type mixed with another type
compiling stm32f1xx_hal_adc.c...
compiling stm32f1xx_hal_adc_ex.c...
compiling stm32f1xx_hal_tim.c...
compiling stm32f1xx_hal.c...
compiling stm32f1xx_hal_tim_ex.c...
compiling stm32f1xx_hal_cortex.c...
compiling stm32f1xx_hal_flash.c...
compiling stm32f1xx_hal_flash_ex.c...
compiling stm32f1xx_hal_gpio.c...
compiling stm32f1xx_hal_rcc_ex.c...
compiling stm32f1xx_hal_dma.c...
compiling stm32f1xx_hal_pwr.c...
compiling stm32f1xx_hal_rcc.c...
assembling startup_stm32f103xe.s...
linking...
Program Size: Code=8532 RO-data=352 RW-data=8 ZI-data=1280  
"ADC 16Channels\ADC 16Channels.axf" - 0 Errors, 20 Warning(s).
Load "ADC 16Channels\\ADC 16Channels.axf" 
Erase Done.
Programming Done.
Verify OK.
Application running ...
Rebuild target 'ADC 16Channels'
compiling system_stm32f1xx.c...
compiling stm32f1xx_hal_msp.c...
compiling stm32f1xx_it.c...
compiling main.c...
../Src/main.c(77): warning:  #188-D: enumerated type mixed with another type
../Src/main.c(79): warning:  #188-D: enumerated type mixed with another type
../Src/main.c(85): warning:  #188-D: enumerated type mixed with another type
../Src/main.c(86): warning:  #188-D: enumerated type mixed with another type
../Src/main.c(87): warning:  #188-D: enumerated type mixed with another type
../Src/main.c(88): warning:  #188-D: enumerated type mixed with another type
../Src/main.c(108): warning:  #188-D: enumerated type mixed with another type
../Src/main.c(142): warning:  #188-D: enumerated type mixed with another type
../Src/main.c(144): warning:  #188-D: enumerated type mixed with another type
../Src/main.c(188): warning:  #167-D: argument of type "unsigned char *" is incompatible with parameter of type "char *restrict"
../Src/main.c(188): warning:  #167-D: argument of type "unsigned char *" is incompatible with parameter of type "char *"
../Src/main.c(189): warning:  #167-D: argument of type "unsigned char *" is incompatible with parameter of type "char *restrict"
../Src/main.c(189): warning:  #167-D: argument of type "unsigned char *" is incompatible with parameter of type "char *"
../Src/main.c(190): warning:  #167-D: argument of type "unsigned char *" is incompatible with parameter of type "char *restrict"
../Src/main.c(190): warning:  #167-D: argument of type "unsigned char *" is incompatible with parameter of type "char *"
../Src/main.c(191): warning:  #167-D: argument of type "unsigned char *" is incompatible with parameter of type "char *restrict"
../Src/main.c(191): warning:  #167-D: argument of type "unsigned char *" is incompatible with parameter of type "char *"
../Src/main.c(387): warning:  #188-D: enumerated type mixed with another type
../Src/main.c(390): warning:  #188-D: enumerated type mixed with another type
../Src/main.c(393): warning:  #188-D: enumerated type mixed with another type
compiling stm32f1xx_hal_adc.c...
compiling stm32f1xx_hal_adc_ex.c...
compiling stm32f1xx_hal_tim.c...
compiling stm32f1xx_hal.c...
compiling stm32f1xx_hal_tim_ex.c...
compiling stm32f1xx_hal_cortex.c...
compiling stm32f1xx_hal_flash.c...
compiling stm32f1xx_hal_flash_ex.c...
compiling stm32f1xx_hal_gpio.c...
compiling stm32f1xx_hal_rcc_ex.c...
compiling stm32f1xx_hal_dma.c...
compiling stm32f1xx_hal_pwr.c...
compiling stm32f1xx_hal_rcc.c...
assembling startup_stm32f103xe.s...
linking...
Program Size: Code=8504 RO-data=352 RW-data=8 ZI-data=1280  
"ADC 16Channels\ADC 16Channels.axf" - 0 Errors, 20 Warning(s).
Load "ADC 16Channels\\ADC 16Channels.axf" 
Erase Done.
Programming Done.
Verify OK.
Application running ...
