<html>
<body>
<pre>
<h1>µVision Build Log</h1>
<h2>Project:</h2>
G:\Electronic\MCU\STM32\STM32F103RCT6\ADC\MDK-ARM\ADC.uvproj
Project File Date:  05/20/2016

<h2>Output:</h2>
Rebuild target 'ADC'
compiling system_stm32f1xx.c...
compiling main.c...
../Src/main.c(74): warning:  #188-D: enumerated type mixed with another type
../Src/main.c(76): warning:  #188-D: enumerated type mixed with another type
../Src/main.c(82): warning:  #188-D: enumerated type mixed with another type
../Src/main.c(83): warning:  #188-D: enumerated type mixed with another type
../Src/main.c(84): warning:  #188-D: enumerated type mixed with another type
../Src/main.c(85): warning:  #188-D: enumerated type mixed with another type
../Src/main.c(105): warning:  #188-D: enumerated type mixed with another type
../Src/main.c(139): warning:  #188-D: enumerated type mixed with another type
../Src/main.c(141): warning:  #188-D: enumerated type mixed with another type
../Src/main.c(186): warning:  #167-D: argument of type "unsigned char *" is incompatible with parameter of type "char *restrict"
../Src/main.c(187): warning:  #167-D: argument of type "unsigned char *" is incompatible with parameter of type "char *"
../Src/main.c(288): warning:  #188-D: enumerated type mixed with another type
compiling stm32f1xx_it.c...
compiling stm32f1xx_hal_msp.c...
compiling stm32f1xx_hal_rcc_ex.c...
compiling stm32f1xx_hal_adc.c...
compiling stm32f1xx_hal_tim.c...
compiling stm32f1xx_hal.c...
compiling stm32f1xx_hal_adc_ex.c...
compiling stm32f1xx_hal_flash_ex.c...
compiling stm32f1xx_hal_rcc.c...
compiling stm32f1xx_hal_pwr.c...
compiling stm32f1xx_hal_gpio.c...
compiling stm32f1xx_hal_dma.c...
compiling stm32f1xx_hal_cortex.c...
compiling stm32f1xx_hal_flash.c...
compiling stm32f1xx_hal_tim_ex.c...
assembling startup_stm32f103xe.s...
linking...
Program Size: Code=7952 RO-data=352 RW-data=12 ZI-data=1148  
"ADC\ADC.axf" - 0 Errors, 12 Warning(s).
Load "ADC\\ADC.axf" 
Erase Done.
Programming Done.
Verify OK.
Application running ...
